Running Gradle task 'assembleRelease'...                        
flutter : 
In riga:1 car:19
+ flutter pub get ; flutter build apk --release 2>&1 | Tee-Object -File ...
+                   ~~~~~~~~~~~~~~~~~~~~~~~~~~~~~~~~
    + CategoryInfo          : NotSpecified: (:String) [], RemoteException
    + FullyQualifiedErrorId : NativeCommandError
 
FAILURE: Build failed with an exception.

* Where:
Build file 
'C:\Users\lisab\Desktop\Portfoglio\meditrack\android\build.gradle.kts' line: 16

* What went wrong:
A problem occurred configuring project ':app'.
> [CXX1101] NDK at C:\Users\lisab\AppData\Local\Android\sdk\ndk\27.0.12077973 
did not have a source.properties file

* Try:
> Run with --stacktrace option to get the stack trace.
> Run with --info or --debug option to get more log output.
> Run with --scan to get full insights.
> Get more help at https://help.gradle.org.

BUILD FAILED in 4s
Running Gradle task 'assembleRelease'...                            4,2s
Gradle task assembleRelease failed with exit code 1
